Xstream >> 
command >>
Please enter your username:
Welcome User1
command >>
